
Setting environment for using XAMPP for Windows.
697120@203-IMAC15 c:\xampp
# mysql -u root -q
Welcome to the MariaDB monitor.  Commands end with ; or \g.
Your MariaDB connection id is 2
Server version: 10.1.21-MariaDB mariadb.org binary distribution

Copyright (c) 2000, 2016, Oracle, MariaDB Corporation Ab and others.

Type 'help;' or '\h' for help. Type '\c' to clear the current input statement.

MariaDB [(none)]> use nikdb;
Database changed
MariaDB [nikdb]> select * from p,m;
ERROR 1146 (42S02): Table 'nikdb.p' doesn't exist
MariaDB [nikdb]> select * from products,manufacturer;
ERROR 1146 (42S02): Table 'nikdb.manufacturer' doesn't exist
MariaDB [nikdb]>
MariaDB [nikdb]> select * from products,manufacturers;
+-------------+-----------------------------------------------------------------------------------------------------------------------------------------------------------------------------------------------------------------------------------------------------------------+-------------+--------------+-------------+-----------------------------------------------------------------------------------------------------------------------------------------------------------------------------------------------------------------------------------------------------------------+
| Code        | Name                                                                                                                                                                                                                                                            | Price       | Manufacturer | Code        | Name                                                                                                                                                                                                                                                            |
+-------------+-----------------------------------------------------------------------------------------------------------------------------------------------------------------------------------------------------------------------------------------------------------------+-------------+--------------+-------------+-----------------------------------------------------------------------------------------------------------------------------------------------------------------------------------------------------------------------------------------------------------------+
|           1 | Hard drive                                                                                                                                                                                                                                                      |         500 |            5 |           1 | Sony                                                                                                                                                                                                                                                            |
|           1 | Hard drive                                                                                                                                                                                                                                                      |         500 |            5 |           2 | Creative Labs                                                                                                                                                                                                                                                   |
|           1 | Hard drive                                                                                                                                                                                                                                                      |         500 |            5 |           3 | Hewlett-Packard                                                                                                                                                                                                                                                 |
|           1 | Hard drive                                                                                                                                                                                                                                                      |         500 |            5 |           4 | Iomega                                                                                                                                                                                                                                                          |
|           1 | Hard drive                                                                                                                                                                                                                                                      |         500 |            5 |           5 | Fujitsu                                                                                                                                                                                                                                                         |
|           1 | Hard drive                                                                                                                                                                                                                                                      |         500 |            5 |           6 | Winchester                                                                                                                                                                                                                                                      |
|           2 | Memory                                                                                                                                                                                                                                                          |         120 |            6 |           1 | Sony                                                                                                                                                                                                                                                            |
|           2 | Memory                                                                                                                                                                                                                                                          |         120 |            6 |           2 | Creative Labs                                                                                                                                                                                                                                                   |
|           2 | Memory                                                                                                                                                                                                                                                          |         120 |            6 |           3 | Hewlett-Packard                                                                                                                                                                                                                                                 |
|           2 | Memory                                                                                                                                                                                                                                                          |         120 |            6 |           4 | Iomega                                                                                                                                                                                                                                                          |
|           2 | Memory                                                                                                                                                                                                                                                          |         120 |            6 |           5 | Fujitsu                                                                                                                                                                                                                                                         |
|           2 | Memory                                                                                                                                                                                                                                                          |         120 |            6 |           6 | Winchester                                                                                                                                                                                                                                                      |
|           3 | ZIP drive                                                                                                                                                                                                                                                       |         150 |            4 |           1 | Sony                                                                                                                                                                                                                                                            |
|           3 | ZIP drive                                                                                                                                                                                                                                                       |         150 |            4 |           2 | Creative Labs                                                                                                                                                                                                                                                   |
|           3 | ZIP drive                                                                                                                                                                                                                                                       |         150 |            4 |           3 | Hewlett-Packard                                                                                                                                                                                                                                                 |
|           3 | ZIP drive                                                                                                                                                                                                                                                       |         150 |            4 |           4 | Iomega                                                                                                                                                                                                                                                          |
|           3 | ZIP drive                                                                                                                                                                                                                                                       |         150 |            4 |           5 | Fujitsu                                                                                                                                                                                                                                                         |
|           3 | ZIP drive                                                                                                                                                                                                                                                       |         150 |            4 |           6 | Winchester                                                                                                                                                                                                                                                      |
|           4 | Floppy disk                                                                                                                                                                                                                                                     |           5 |            6 |           1 | Sony                                                                                                                                                                                                                                                            |
|           4 | Floppy disk                                                                                                                                                                                                                                                     |           5 |            6 |           2 | Creative Labs                                                                                                                                                                                                                                                   |
|           4 | Floppy disk                                                                                                                                                                                                                                                     |           5 |            6 |           3 | Hewlett-Packard                                                                                                                                                                                                                                                 |
|           4 | Floppy disk                                                                                                                                                                                                                                                     |           5 |            6 |           4 | Iomega                                                                                                                                                                                                                                                          |
|           4 | Floppy disk                                                                                                                                                                                                                                                     |           5 |            6 |           5 | Fujitsu                                                                                                                                                                                                                                                         |
|           4 | Floppy disk                                                                                                                                                                                                                                                     |           5 |            6 |           6 | Winchester                                                                                                                                                                                                                                                      |
|           5 | Monitor                                                                                                                                                                                                                                                         |         500 |            1 |           1 | Sony                                                                                                                                                                                                                                                            |
|           5 | Monitor                                                                                                                                                                                                                                                         |         500 |            1 |           2 | Creative Labs                                                                                                                                                                                                                                                   |
|           5 | Monitor                                                                                                                                                                                                                                                         |         500 |            1 |           3 | Hewlett-Packard                                                                                                                                                                                                                                                 |
|           5 | Monitor                                                                                                                                                                                                                                                         |         500 |            1 |           4 | Iomega                                                                                                                                                                                                                                                          |
|           5 | Monitor                                                                                                                                                                                                                                                         |         500 |            1 |           5 | Fujitsu                                                                                                                                                                                                                                                         |
|           5 | Monitor                                                                                                                                                                                                                                                         |         500 |            1 |           6 | Winchester                                                                                                                                                                                                                                                      |
|           6 | DVD drive                                                                                                                                                                                                                                                       |         180 |            2 |           1 | Sony                                                                                                                                                                                                                                                            |
|           6 | DVD drive                                                                                                                                                                                                                                                       |         180 |            2 |           2 | Creative Labs                                                                                                                                                                                                                                                   |
|           6 | DVD drive                                                                                                                                                                                                                                                       |         180 |            2 |           3 | Hewlett-Packard                                                                                                                                                                                                                                                 |
|           6 | DVD drive                                                                                                                                                                                                                                                       |         180 |            2 |           4 | Iomega                                                                                                                                                                                                                                                          |
|           6 | DVD drive                                                                                                                                                                                                                                                       |         180 |            2 |           5 | Fujitsu                                                                                                                                                                                                                                                         |
|           6 | DVD drive                                                                                                                                                                                                                                                       |         180 |            2 |           6 | Winchester                                                                                                                                                                                                                                                      |
|           7 | CD drive                                                                                                                                                                                                                                                        |          90 |            2 |           1 | Sony                                                                                                                                                                                                                                                            |
|           7 | CD drive                                                                                                                                                                                                                                                        |          90 |            2 |           2 | Creative Labs                                                                                                                                                                                                                                                   |
|           7 | CD drive                                                                                                                                                                                                                                                        |          90 |            2 |           3 | Hewlett-Packard                                                                                                                                                                                                                                                 |
|           7 | CD drive                                                                                                                                                                                                                                                        |          90 |            2 |           4 | Iomega                                                                                                                                                                                                                                                          |
|           7 | CD drive                                                                                                                                                                                                                                                        |          90 |            2 |           5 | Fujitsu                                                                                                                                                                                                                                                         |
|           7 | CD drive                                                                                                                                                                                                                                                        |          90 |            2 |           6 | Winchester                                                                                                                                                                                                                                                      |
|           8 | Printer                                                                                                                                                                                                                                                         |         270 |            3 |           1 | Sony                                                                                                                                                                                                                                                            |
|           8 | Printer                                                                                                                                                                                                                                                         |         270 |            3 |           2 | Creative Labs                                                                                                                                                                                                                                                   |
|           8 | Printer                                                                                                                                                                                                                                                         |         270 |            3 |           3 | Hewlett-Packard                                                                                                                                                                                                                                                 |
|           8 | Printer                                                                                                                                                                                                                                                         |         270 |            3 |           4 | Iomega                                                                                                                                                                                                                                                          |
|           8 | Printer                                                                                                                                                                                                                                                         |         270 |            3 |           5 | Fujitsu                                                                                                                                                                                                                                                         |
|           8 | Printer                                                                                                                                                                                                                                                         |         270 |            3 |           6 | Winchester                                                                                                                                                                                                                                                      |
|           9 | Toner cartridge                                                                                                                                                                                                                                                 |          66 |            3 |           1 | Sony                                                                                                                                                                                                                                                            |
|           9 | Toner cartridge                                                                                                                                                                                                                                                 |          66 |            3 |           2 | Creative Labs                                                                                                                                                                                                                                                   |
|           9 | Toner cartridge                                                                                                                                                                                                                                                 |          66 |            3 |           3 | Hewlett-Packard                                                                                                                                                                                                                                                 |
|           9 | Toner cartridge                                                                                                                                                                                                                                                 |          66 |            3 |           4 | Iomega                                                                                                                                                                                                                                                          |
|           9 | Toner cartridge                                                                                                                                                                                                                                                 |          66 |            3 |           5 | Fujitsu                                                                                                                                                                                                                                                         |
|           9 | Toner cartridge                                                                                                                                                                                                                                                 |          66 |            3 |           6 | Winchester                                                                                                                                                                                                                                                      |
|          10 | DVD burner                                                                                                                                                                                                                                                      |         180 |            2 |           1 | Sony                                                                                                                                                                                                                                                            |
|          10 | DVD burner                                                                                                                                                                                                                                                      |         180 |            2 |           2 | Creative Labs                                                                                                                                                                                                                                                   |
|          10 | DVD burner                                                                                                                                                                                                                                                      |         180 |            2 |           3 | Hewlett-Packard                                                                                                                                                                                                                                                 |
|          10 | DVD burner                                                                                                                                                                                                                                                      |         180 |            2 |           4 | Iomega                                                                                                                                                                                                                                                          |
|          10 | DVD burner                                                                                                                                                                                                                                                      |         180 |            2 |           5 | Fujitsu                                                                                                                                                                                                                                                         |
|          10 | DVD burner                                                                                                                                                                                                                                                      |         180 |            2 |           6 | Winchester                                                                                                                                                                                                                                                      |
+-------------+-----------------------------------------------------------------------------------------------------------------------------------------------------------------------------------------------------------------------------------------------------------------+-------------+--------------+-------------+-----------------------------------------------------------------------------------------------------------------------------------------------------------------------------------------------------------------------------------------------------------------+
60 rows in set (0.08 sec)

MariaDB [nikdb]> select m.code,products.code from products,manufacturers m;
+-------------+-------------+
| code        | code        |
+-------------+-------------+
|           1 |           1 |
|           2 |           1 |
|           3 |           1 |
|           4 |           1 |
|           5 |           1 |
|           6 |           1 |
|           1 |           2 |
|           2 |           2 |
|           3 |           2 |
|           4 |           2 |
|           5 |           2 |
|           6 |           2 |
|           1 |           3 |
|           2 |           3 |
|           3 |           3 |
|           4 |           3 |
|           5 |           3 |
|           6 |           3 |
|           1 |           4 |
|           2 |           4 |
|           3 |           4 |
|           4 |           4 |
|           5 |           4 |
|           6 |           4 |
|           1 |           5 |
|           2 |           5 |
|           3 |           5 |
|           4 |           5 |
|           5 |           5 |
|           6 |           5 |
|           1 |           6 |
|           2 |           6 |
|           3 |           6 |
|           4 |           6 |
|           5 |           6 |
|           6 |           6 |
|           1 |           7 |
|           2 |           7 |
|           3 |           7 |
|           4 |           7 |
|           5 |           7 |
|           6 |           7 |
|           1 |           8 |
|           2 |           8 |
|           3 |           8 |
|           4 |           8 |
|           5 |           8 |
|           6 |           8 |
|           1 |           9 |
|           2 |           9 |
|           3 |           9 |
|           4 |           9 |
|           5 |           9 |
|           6 |           9 |
|           1 |          10 |
|           2 |          10 |
|           3 |          10 |
|           4 |          10 |
|           5 |          10 |
|           6 |          10 |
+-------------+-------------+
60 rows in set (0.00 sec)

MariaDB [nikdb]> select * from products,manufacturers;
+-------------+-----------------------------------------------------------------------------------------------------------------------------------------------------------------------------------------------------------------------------------------------------------------+-------------+--------------+-------------+-----------------------------------------------------------------------------------------------------------------------------------------------------------------------------------------------------------------------------------------------------------------+
| Code        | Name                                                                                                                                                                                                                                                            | Price       | Manufacturer | Code        | Name                                                                                                                                                                                                                                                            |
+-------------+-----------------------------------------------------------------------------------------------------------------------------------------------------------------------------------------------------------------------------------------------------------------+-------------+--------------+-------------+-----------------------------------------------------------------------------------------------------------------------------------------------------------------------------------------------------------------------------------------------------------------+
|           1 | Hard drive                                                                                                                                                                                                                                                      |         500 |            5 |           1 | Sony                                                                                                                                                                                                                                                            |
|           1 | Hard drive                                                                                                                                                                                                                                                      |         500 |            5 |           2 | Creative Labs                                                                                                                                                                                                                                                   |
|           1 | Hard drive                                                                                                                                                                                                                                                      |         500 |            5 |           3 | Hewlett-Packard                                                                                                                                                                                                                                                 |
|           1 | Hard drive                                                                                                                                                                                                                                                      |         500 |            5 |           4 | Iomega                                                                                                                                                                                                                                                          |
|           1 | Hard drive                                                                                                                                                                                                                                                      |         500 |            5 |           5 | Fujitsu                                                                                                                                                                                                                                                         |
|           1 | Hard drive                                                                                                                                                                                                                                                      |         500 |            5 |           6 | Winchester                                                                                                                                                                                                                                                      |
|           2 | Memory                                                                                                                                                                                                                                                          |         120 |            6 |           1 | Sony                                                                                                                                                                                                                                                            |
|           2 | Memory                                                                                                                                                                                                                                                          |         120 |            6 |           2 | Creative Labs                                                                                                                                                                                                                                                   |
|           2 | Memory                                                                                                                                                                                                                                                          |         120 |            6 |           3 | Hewlett-Packard                                                                                                                                                                                                                                                 |
|           2 | Memory                                                                                                                                                                                                                                                          |         120 |            6 |           4 | Iomega                                                                                                                                                                                                                                                          |
|           2 | Memory                                                                                                                                                                                                                                                          |         120 |            6 |           5 | Fujitsu                                                                                                                                                                                                                                                         |
|           2 | Memory                                                                                                                                                                                                                                                          |         120 |            6 |           6 | Winchester                                                                                                                                                                                                                                                      |
|           3 | ZIP drive                                                                                                                                                                                                                                                       |         150 |            4 |           1 | Sony                                                                                                                                                                                                                                                            |
|           3 | ZIP drive                                                                                                                                                                                                                                                       |         150 |            4 |           2 | Creative Labs                                                                                                                                                                                                                                                   |
|           3 | ZIP drive                                                                                                                                                                                                                                                       |         150 |            4 |           3 | Hewlett-Packard                                                                                                                                                                                                                                                 |
|           3 | ZIP drive                                                                                                                                                                                                                                                       |         150 |            4 |           4 | Iomega                                                                                                                                                                                                                                                          |
|           3 | ZIP drive                                                                                                                                                                                                                                                       |         150 |            4 |           5 | Fujitsu                                                                                                                                                                                                                                                         |
|           3 | ZIP drive                                                                                                                                                                                                                                                       |         150 |            4 |           6 | Winchester                                                                                                                                                                                                                                                      |
|           4 | Floppy disk                                                                                                                                                                                                                                                     |           5 |            6 |           1 | Sony                                                                                                                                                                                                                                                            |
|           4 | Floppy disk                                                                                                                                                                                                                                                     |           5 |            6 |           2 | Creative Labs                                                                                                                                                                                                                                                   |
|           4 | Floppy disk                                                                                                                                                                                                                                                     |           5 |            6 |           3 | Hewlett-Packard                                                                                                                                                                                                                                                 |
|           4 | Floppy disk                                                                                                                                                                                                                                                     |           5 |            6 |           4 | Iomega                                                                                                                                                                                                                                                          |
|           4 | Floppy disk                                                                                                                                                                                                                                                     |           5 |            6 |           5 | Fujitsu                                                                                                                                                                                                                                                         |
|           4 | Floppy disk                                                                                                                                                                                                                                                     |           5 |            6 |           6 | Winchester                                                                                                                                                                                                                                                      |
|           5 | Monitor                                                                                                                                                                                                                                                         |         500 |            1 |           1 | Sony                                                                                                                                                                                                                                                            |
|           5 | Monitor                                                                                                                                                                                                                                                         |         500 |            1 |           2 | Creative Labs                                                                                                                                                                                                                                                   |
|           5 | Monitor                                                                                                                                                                                                                                                         |         500 |            1 |           3 | Hewlett-Packard                                                                                                                                                                                                                                                 |
|           5 | Monitor                                                                                                                                                                                                                                                         |         500 |            1 |           4 | Iomega                                                                                                                                                                                                                                                          |
|           5 | Monitor                                                                                                                                                                                                                                                         |         500 |            1 |           5 | Fujitsu                                                                                                                                                                                                                                                         |
|           5 | Monitor                                                                                                                                                                                                                                                         |         500 |            1 |           6 | Winchester                                                                                                                                                                                                                                                      |
|           6 | DVD drive                                                                                                                                                                                                                                                       |         180 |            2 |           1 | Sony                                                                                                                                                                                                                                                            |
|           6 | DVD drive                                                                                                                                                                                                                                                       |         180 |            2 |           2 | Creative Labs                                                                                                                                                                                                                                                   |
|           6 | DVD drive                                                                                                                                                                                                                                                       |         180 |            2 |           3 | Hewlett-Packard                                                                                                                                                                                                                                                 |
|           6 | DVD drive                                                                                                                                                                                                                                                       |         180 |            2 |           4 | Iomega                                                                                                                                                                                                                                                          |
|           6 | DVD drive                                                                                                                                                                                                                                                       |         180 |            2 |           5 | Fujitsu                                                                                                                                                                                                                                                         |
|           6 | DVD drive                                                                                                                                                                                                                                                       |         180 |            2 |           6 | Winchester                                                                                                                                                                                                                                                      |
|           7 | CD drive                                                                                                                                                                                                                                                        |          90 |            2 |           1 | Sony                                                                                                                                                                                                                                                            |
|           7 | CD drive                                                                                                                                                                                                                                                        |          90 |            2 |           2 | Creative Labs                                                                                                                                                                                                                                                   |
|           7 | CD drive                                                                                                                                                                                                                                                        |          90 |            2 |           3 | Hewlett-Packard                                                                                                                                                                                                                                                 |
|           7 | CD drive                                                                                                                                                                                                                                                        |          90 |            2 |           4 | Iomega                                                                                                                                                                                                                                                          |
|           7 | CD drive                                                                                                                                                                                                                                                        |          90 |            2 |           5 | Fujitsu                                                                                                                                                                                                                                                         |
|           7 | CD drive                                                                                                                                                                                                                                                        |          90 |            2 |           6 | Winchester                                                                                                                                                                                                                                                      |
|           8 | Printer                                                                                                                                                                                                                                                         |         270 |            3 |           1 | Sony                                                                                                                                                                                                                                                            |
|           8 | Printer                                                                                                                                                                                                                                                         |         270 |            3 |           2 | Creative Labs                                                                                                                                                                                                                                                   |
|           8 | Printer                                                                                                                                                                                                                                                         |         270 |            3 |           3 | Hewlett-Packard                                                                                                                                                                                                                                                 |
|           8 | Printer                                                                                                                                                                                                                                                         |         270 |            3 |           4 | Iomega                                                                                                                                                                                                                                                          |
|           8 | Printer                                                                                                                                                                                                                                                         |         270 |            3 |           5 | Fujitsu                                                                                                                                                                                                                                                         |
|           8 | Printer                                                                                                                                                                                                                                                         |         270 |            3 |           6 | Winchester                                                                                                                                                                                                                                                      |
|           9 | Toner cartridge                                                                                                                                                                                                                                                 |          66 |            3 |           1 | Sony                                                                                                                                                                                                                                                            |
|           9 | Toner cartridge                                                                                                                                                                                                                                                 |          66 |            3 |           2 | Creative Labs                                                                                                                                                                                                                                                   |
|           9 | Toner cartridge                                                                                                                                                                                                                                                 |          66 |            3 |           3 | Hewlett-Packard                                                                                                                                                                                                                                                 |
|           9 | Toner cartridge                                                                                                                                                                                                                                                 |          66 |            3 |           4 | Iomega                                                                                                                                                                                                                                                          |
|           9 | Toner cartridge                                                                                                                                                                                                                                                 |          66 |            3 |           5 | Fujitsu                                                                                                                                                                                                                                                         |
|           9 | Toner cartridge                                                                                                                                                                                                                                                 |          66 |            3 |           6 | Winchester                                                                                                                                                                                                                                                      |
|          10 | DVD burner                                                                                                                                                                                                                                                      |         180 |            2 |           1 | Sony                                                                                                                                                                                                                                                            |
|          10 | DVD burner                                                                                                                                                                                                                                                      |         180 |            2 |           2 | Creative Labs                                                                                                                                                                                                                                                   |
|          10 | DVD burner                                                                                                                                                                                                                                                      |         180 |            2 |           3 | Hewlett-Packard                                                                                                                                                                                                                                                 |
|          10 | DVD burner                                                                                                                                                                                                                                                      |         180 |            2 |           4 | Iomega                                                                                                                                                                                                                                                          |
|          10 | DVD burner                                                                                                                                                                                                                                                      |         180 |            2 |           5 | Fujitsu                                                                                                                                                                                                                                                         |
|          10 | DVD burner                                                                                                                                                                                                                                                      |         180 |            2 |           6 | Winchester                                                                                                                                                                                                                                                      |
+-------------+-----------------------------------------------------------------------------------------------------------------------------------------------------------------------------------------------------------------------------------------------------------------+-------------+--------------+-------------+-----------------------------------------------------------------------------------------------------------------------------------------------------------------------------------------------------------------------------------------------------------------+
60 rows in set (0.00 sec)

MariaDB [nikdb]> select * from manufacturers m, products p where m.code=p.code;
+-------------+-----------------------------------------------------------------------------------------------------------------------------------------------------------------------------------------------------------------------------------------------------------------+-------------+-----------------------------------------------------------------------------------------------------------------------------------------------------------------------------------------------------------------------------------------------------------------+-------------+--------------+
| Code        | Name                                                                                                                                                                                                                                                            | Code        | Name                                                                                                                                                                                                                                                            | Price       | Manufacturer |
+-------------+-----------------------------------------------------------------------------------------------------------------------------------------------------------------------------------------------------------------------------------------------------------------+-------------+-----------------------------------------------------------------------------------------------------------------------------------------------------------------------------------------------------------------------------------------------------------------+-------------+--------------+
|           1 | Sony                                                                                                                                                                                                                                                            |           1 | Hard drive                                                                                                                                                                                                                                                      |         500 |            5 |
|           2 | Creative Labs                                                                                                                                                                                                                                                   |           2 | Memory                                                                                                                                                                                                                                                          |         120 |            6 |
|           3 | Hewlett-Packard                                                                                                                                                                                                                                                 |           3 | ZIP drive                                                                                                                                                                                                                                                       |         150 |            4 |
|           4 | Iomega                                                                                                                                                                                                                                                          |           4 | Floppy disk                                                                                                                                                                                                                                                     |           5 |            6 |
|           5 | Fujitsu                                                                                                                                                                                                                                                         |           5 | Monitor                                                                                                                                                                                                                                                         |         500 |            1 |
|           6 | Winchester                                                                                                                                                                                                                                                      |           6 | DVD drive                                                                                                                                                                                                                                                       |         180 |            2 |
+-------------+-----------------------------------------------------------------------------------------------------------------------------------------------------------------------------------------------------------------------------------------------------------------+-------------+-----------------------------------------------------------------------------------------------------------------------------------------------------------------------------------------------------------------------------------------------------------------+-------------+--------------+
6 rows in set (0.00 sec)

MariaDB [nikdb]> select * from manufacturers;
+-------------+-----------------------------------------------------------------------------------------------------------------------------------------------------------------------------------------------------------------------------------------------------------------+
| Code        | Name                                                                                                                                                                                                                                                            |
+-------------+-----------------------------------------------------------------------------------------------------------------------------------------------------------------------------------------------------------------------------------------------------------------+
|           1 | Sony                                                                                                                                                                                                                                                            |
|           2 | Creative Labs                                                                                                                                                                                                                                                   |
|           3 | Hewlett-Packard                                                                                                                                                                                                                                                 |
|           4 | Iomega                                                                                                                                                                                                                                                          |
|           5 | Fujitsu                                                                                                                                                                                                                                                         |
|           6 | Winchester                                                                                                                                                                                                                                                      |
+-------------+-----------------------------------------------------------------------------------------------------------------------------------------------------------------------------------------------------------------------------------------------------------------+
6 rows in set (0.01 sec)

MariaDB [nikdb]> insert into manufacturers values(7, 10);
Query OK, 1 row affected (0.09 sec)

MariaDB [nikdb]> select * from manufacturers m, products p where m.code=p.code;
+-------------+-----------------------------------------------------------------------------------------------------------------------------------------------------------------------------------------------------------------------------------------------------------------+-------------+-----------------------------------------------------------------------------------------------------------------------------------------------------------------------------------------------------------------------------------------------------------------+-------------+--------------+
| Code        | Name                                                                                                                                                                                                                                                            | Code        | Name                                                                                                                                                                                                                                                            | Price       | Manufacturer |
+-------------+-----------------------------------------------------------------------------------------------------------------------------------------------------------------------------------------------------------------------------------------------------------------+-------------+-----------------------------------------------------------------------------------------------------------------------------------------------------------------------------------------------------------------------------------------------------------------+-------------+--------------+
|           1 | Sony                                                                                                                                                                                                                                                            |           1 | Hard drive                                                                                                                                                                                                                                                      |         500 |            5 |
|           2 | Creative Labs                                                                                                                                                                                                                                                   |           2 | Memory                                                                                                                                                                                                                                                          |         120 |            6 |
|           3 | Hewlett-Packard                                                                                                                                                                                                                                                 |           3 | ZIP drive                                                                                                                                                                                                                                                       |         150 |            4 |
|           4 | Iomega                                                                                                                                                                                                                                                          |           4 | Floppy disk                                                                                                                                                                                                                                                     |           5 |            6 |
|           5 | Fujitsu                                                                                                                                                                                                                                                         |           5 | Monitor                                                                                                                                                                                                                                                         |         500 |            1 |
|           6 | Winchester                                                                                                                                                                                                                                                      |           6 | DVD drive                                                                                                                                                                                                                                                       |         180 |            2 |
|           7 | 10                                                                                                                                                                                                                                                              |           7 | CD drive                                                                                                                                                                                                                                                        |          90 |            2 |
+-------------+-----------------------------------------------------------------------------------------------------------------------------------------------------------------------------------------------------------------------------------------------------------------+-------------+-----------------------------------------------------------------------------------------------------------------------------------------------------------------------------------------------------------------------------------------------------------------+-------------+--------------+
7 rows in set (0.00 sec)

MariaDB [nikdb]> select * from manufacturers m join products p on m.code =p.manufacturers;
ERROR 1054 (42S22): Unknown column 'p.manufacturers' in 'on clause'
MariaDB [nikdb]> select * from manufacturers m join products p on m.code =p.manufacturer;
+-------------+-----------------------------------------------------------------------------------------------------------------------------------------------------------------------------------------------------------------------------------------------------------------+-------------+-----------------------------------------------------------------------------------------------------------------------------------------------------------------------------------------------------------------------------------------------------------------+-------------+--------------+
| Code        | Name                                                                                                                                                                                                                                                            | Code        | Name                                                                                                                                                                                                                                                            | Price       | Manufacturer |
+-------------+-----------------------------------------------------------------------------------------------------------------------------------------------------------------------------------------------------------------------------------------------------------------+-------------+-----------------------------------------------------------------------------------------------------------------------------------------------------------------------------------------------------------------------------------------------------------------+-------------+--------------+
|           5 | Fujitsu                                                                                                                                                                                                                                                         |           1 | Hard drive                                                                                                                                                                                                                                                      |         500 |            5 |
|           6 | Winchester                                                                                                                                                                                                                                                      |           2 | Memory                                                                                                                                                                                                                                                          |         120 |            6 |
|           4 | Iomega                                                                                                                                                                                                                                                          |           3 | ZIP drive                                                                                                                                                                                                                                                       |         150 |            4 |
|           6 | Winchester                                                                                                                                                                                                                                                      |           4 | Floppy disk                                                                                                                                                                                                                                                     |           5 |            6 |
|           1 | Sony                                                                                                                                                                                                                                                            |           5 | Monitor                                                                                                                                                                                                                                                         |         500 |            1 |
|           2 | Creative Labs                                                                                                                                                                                                                                                   |           6 | DVD drive                                                                                                                                                                                                                                                       |         180 |            2 |
|           2 | Creative Labs                                                                                                                                                                                                                                                   |           7 | CD drive                                                                                                                                                                                                                                                        |          90 |            2 |
|           3 | Hewlett-Packard                                                                                                                                                                                                                                                 |           8 | Printer                                                                                                                                                                                                                                                         |         270 |            3 |
|           3 | Hewlett-Packard                                                                                                                                                                                                                                                 |           9 | Toner cartridge                                                                                                                                                                                                                                                 |          66 |            3 |
|           2 | Creative Labs                                                                                                                                                                                                                                                   |          10 | DVD burner                                                                                                                                                                                                                                                      |         180 |            2 |
+-------------+-----------------------------------------------------------------------------------------------------------------------------------------------------------------------------------------------------------------------------------------------------------------+-------------+-----------------------------------------------------------------------------------------------------------------------------------------------------------------------------------------------------------------------------------------------------------------+-------------+--------------+
10 rows in set (0.00 sec)

MariaDB [nikdb]> select * from price,product name and manufacturers;
ERROR 1064 (42000): You have an error in your SQL syntax; check the manual that corresponds to your MariaDB server version for the right syntax to use near 'and manufacturers' at line 1
MariaDB [nikdb]> SELECT p.name, price, m.name FROM manu m Join products p ON m.code = p.manufacturer;
ERROR 1146 (42S02): Table 'nikdb.manu' doesn't exist
MariaDB [nikdb]> SELECT p.name, price, m.name FROM manufacturer m Join products p ON m.code = p.manufacturer;
ERROR 1146 (42S02): Table 'nikdb.manufacturer' doesn't exist
MariaDB [nikdb]> SELECT p.name, price, m.name FROM manufacturers m Join products p ON m.code = p.manufacturers;
ERROR 1054 (42S22): Unknown column 'p.manufacturers' in 'on clause'
MariaDB [nikdb]> SELECT p.name, price, m.name FROM manufacturers m Join products p ON m.code = p.manufacturer;
+-----------------------------------------------------------------------------------------------------------------------------------------------------------------------------------------------------------------------------------------------------------------+-------------+-----------------------------------------------------------------------------------------------------------------------------------------------------------------------------------------------------------------------------------------------------------------+
| name                                                                                                                                                                                                                                                            | price       | name                                                                                                                                                                                                                                                            |
+-----------------------------------------------------------------------------------------------------------------------------------------------------------------------------------------------------------------------------------------------------------------+-------------+-----------------------------------------------------------------------------------------------------------------------------------------------------------------------------------------------------------------------------------------------------------------+
| Hard drive                                                                                                                                                                                                                                                      |         500 | Fujitsu                                                                                                                                                                                                                                                         |
| Memory                                                                                                                                                                                                                                                          |         120 | Winchester                                                                                                                                                                                                                                                      |
| ZIP drive                                                                                                                                                                                                                                                       |         150 | Iomega                                                                                                                                                                                                                                                          |
| Floppy disk                                                                                                                                                                                                                                                     |           5 | Winchester                                                                                                                                                                                                                                                      |
| Monitor                                                                                                                                                                                                                                                         |         500 | Sony                                                                                                                                                                                                                                                            |
| DVD drive                                                                                                                                                                                                                                                       |         180 | Creative Labs                                                                                                                                                                                                                                                   |
| CD drive                                                                                                                                                                                                                                                        |          90 | Creative Labs                                                                                                                                                                                                                                                   |
| Printer                                                                                                                                                                                                                                                         |         270 | Hewlett-Packard                                                                                                                                                                                                                                                 |
| Toner cartridge                                                                                                                                                                                                                                                 |          66 | Hewlett-Packard                                                                                                                                                                                                                                                 |
| DVD burner                                                                                                                                                                                                                                                      |         180 | Creative Labs                                                                                                                                                                                                                                                   |
+-----------------------------------------------------------------------------------------------------------------------------------------------------------------------------------------------------------------------------------------------------------------+-------------+-----------------------------------------------------------------------------------------------------------------------------------------------------------------------------------------------------------------------------------------------------------------+
10 rows in set (0.00 sec)

MariaDB [nikdb]> select * from manufacturers m left outet join products p on m.code=p.manufacturer;
ERROR 1064 (42000): You have an error in your SQL syntax; check the manual that corresponds to your MariaDB server version for the right syntax to use near 'outet join products p on m.code=p.manufacturer' at line 1
MariaDB [nikdb]> select * from manufacturers m left outer join products p on m.code=p.manufacturer;
+-------------+-----------------------------------------------------------------------------------------------------------------------------------------------------------------------------------------------------------------------------------------------------------------+-------------+-----------------------------------------------------------------------------------------------------------------------------------------------------------------------------------------------------------------------------------------------------------------+-------------+--------------+
| Code        | Name                                                                                                                                                                                                                                                            | Code        | Name                                                                                                                                                                                                                                                            | Price       | Manufacturer |
+-------------+-----------------------------------------------------------------------------------------------------------------------------------------------------------------------------------------------------------------------------------------------------------------+-------------+-----------------------------------------------------------------------------------------------------------------------------------------------------------------------------------------------------------------------------------------------------------------+-------------+--------------+
|           1 | Sony                                                                                                                                                                                                                                                            |           5 | Monitor                                                                                                                                                                                                                                                         |         500 |            1 |
|           2 | Creative Labs                                                                                                                                                                                                                                                   |           6 | DVD drive                                                                                                                                                                                                                                                       |         180 |            2 |
|           2 | Creative Labs                                                                                                                                                                                                                                                   |           7 | CD drive                                                                                                                                                                                                                                                        |          90 |            2 |
|           2 | Creative Labs                                                                                                                                                                                                                                                   |          10 | DVD burner                                                                                                                                                                                                                                                      |         180 |            2 |
|           3 | Hewlett-Packard                                                                                                                                                                                                                                                 |           8 | Printer                                                                                                                                                                                                                                                         |         270 |            3 |
|           3 | Hewlett-Packard                                                                                                                                                                                                                                                 |           9 | Toner cartridge                                                                                                                                                                                                                                                 |          66 |            3 |
|           4 | Iomega                                                                                                                                                                                                                                                          |           3 | ZIP drive                                                                                                                                                                                                                                                       |         150 |            4 |
|           5 | Fujitsu                                                                                                                                                                                                                                                         |           1 | Hard drive                                                                                                                                                                                                                                                      |         500 |            5 |
|           6 | Winchester                                                                                                                                                                                                                                                      |           2 | Memory                                                                                                                                                                                                                                                          |         120 |            6 |
|           6 | Winchester                                                                                                                                                                                                                                                      |           4 | Floppy disk                                                                                                                                                                                                                                                     |           5 |            6 |
|           7 | 10                                                                                                                                                                                                                                                              |        NULL | NULL                                                                                                                                                                                                                                                            |        NULL |         NULL |
+-------------+-----------------------------------------------------------------------------------------------------------------------------------------------------------------------------------------------------------------------------------------------------------------+-------------+-----------------------------------------------------------------------------------------------------------------------------------------------------------------------------------------------------------------------------------------------------------------+-------------+--------------+
11 rows in set (0.03 sec)

MariaDB [nikdb]> drop table manufacturers;
ERROR 1451 (23000): Cannot delete or update a parent row: a foreign key constraint fails
MariaDB [nikdb]> drop table products;
Query OK, 0 rows affected (0.16 sec)

MariaDB [nikdb]> CREATE TABLE Products ( Code INTEGER, Name VARCHAR(255) NOT NULL , Price DECIMAL NOT NULL , Manufacturer INTEGER, PRIMARY KEY (Code), FOREIGN KEY (Manufacturer) REFERENCES Manufacturers(Code) ON DELETE SET NULL);
Query OK, 0 rows affected (0.27 sec)

MariaDB [nikdb]> select * from manufacturers m left outer join products p on m.code=p.manufacturer;
+-------------+-----------------------------------------------------------------------------------------------------------------------------------------------------------------------------------------------------------------------------------------------------------------+-------------+-----------------------------------------------------------------------------------------------------------------------------------------------------------------------------------------------------------------------------------------------------------------+-------------+--------------+
| Code        | Name                                                                                                                                                                                                                                                            | Code        | Name                                                                                                                                                                                                                                                            | Price       | Manufacturer |
+-------------+-----------------------------------------------------------------------------------------------------------------------------------------------------------------------------------------------------------------------------------------------------------------+-------------+-----------------------------------------------------------------------------------------------------------------------------------------------------------------------------------------------------------------------------------------------------------------+-------------+--------------+
|           1 | Sony                                                                                                                                                                                                                                                            |        NULL | NULL                                                                                                                                                                                                                                                            |        NULL |         NULL |
|           2 | Creative Labs                                                                                                                                                                                                                                                   |        NULL | NULL                                                                                                                                                                                                                                                            |        NULL |         NULL |
|           3 | Hewlett-Packard                                                                                                                                                                                                                                                 |        NULL | NULL                                                                                                                                                                                                                                                            |        NULL |         NULL |
|           4 | Iomega                                                                                                                                                                                                                                                          |        NULL | NULL                                                                                                                                                                                                                                                            |        NULL |         NULL |
|           5 | Fujitsu                                                                                                                                                                                                                                                         |        NULL | NULL                                                                                                                                                                                                                                                            |        NULL |         NULL |
|           6 | Winchester                                                                                                                                                                                                                                                      |        NULL | NULL                                                                                                                                                                                                                                                            |        NULL |         NULL |
|           7 | 10                                                                                                                                                                                                                                                              |        NULL | NULL                                                                                                                                                                                                                                                            |        NULL |         NULL |
+-------------+-----------------------------------------------------------------------------------------------------------------------------------------------------------------------------------------------------------------------------------------------------------------+-------------+-----------------------------------------------------------------------------------------------------------------------------------------------------------------------------------------------------------------------------------------------------------------+-------------+--------------+
7 rows in set (0.11 sec)

MariaDB [nikdb]> select * from manufacturers m left outer join products p on m.code=p.manufacturer;
+-------------+-----------------------------------------------------------------------------------------------------------------------------------------------------------------------------------------------------------------------------------------------------------------+-------------+-----------------------------------------------------------------------------------------------------------------------------------------------------------------------------------------------------------------------------------------------------------------+-------------+--------------+
| Code        | Name                                                                                                                                                                                                                                                            | Code        | Name                                                                                                                                                                                                                                                            | Price       | Manufacturer |
+-------------+-----------------------------------------------------------------------------------------------------------------------------------------------------------------------------------------------------------------------------------------------------------------+-------------+-----------------------------------------------------------------------------------------------------------------------------------------------------------------------------------------------------------------------------------------------------------------+-------------+--------------+
|           1 | Sony                                                                                                                                                                                                                                                            |        NULL | NULL                                                                                                                                                                                                                                                            |        NULL |         NULL |
|           2 | Creative Labs                                                                                                                                                                                                                                                   |        NULL | NULL                                                                                                                                                                                                                                                            |        NULL |         NULL |
|           3 | Hewlett-Packard                                                                                                                                                                                                                                                 |        NULL | NULL                                                                                                                                                                                                                                                            |        NULL |         NULL |
|           4 | Iomega                                                                                                                                                                                                                                                          |        NULL | NULL                                                                                                                                                                                                                                                            |        NULL |         NULL |
|           5 | Fujitsu                                                                                                                                                                                                                                                         |        NULL | NULL                                                                                                                                                                                                                                                            |        NULL |         NULL |
|           6 | Winchester                                                                                                                                                                                                                                                      |        NULL | NULL                                                                                                                                                                                                                                                            |        NULL |         NULL |
|           7 | 10                                                                                                                                                                                                                                                              |        NULL | NULL                                                                                                                                                                                                                                                            |        NULL |         NULL |
+-------------+-----------------------------------------------------------------------------------------------------------------------------------------------------------------------------------------------------------------------------------------------------------------+-------------+-----------------------------------------------------------------------------------------------------------------------------------------------------------------------------------------------------------------------------------------------------------------+-------------+--------------+
7 rows in set (0.00 sec)

MariaDB [nikdb]> insert into Manufacturers values(7,'Lenovo');insert into Products values(12, '1 Tb Hard drive' , 764 , 7);insert into Products values(13, '2 Tb Hard drive' , 964 , 7);insert into Products values(14, '4 Tb Hard drive' , 1234 , 7);
ERROR 1062 (23000): Duplicate entry '7' for key 'PRIMARY'
Query OK, 1 row affected (0.08 sec)

Query OK, 1 row affected (0.08 sec)

Query OK, 1 row affected (0.10 sec)

MariaDB [nikdb]> select * from products;
+-------------+-----------------------------------------------------------------------------------------------------------------------------------------------------------------------------------------------------------------------------------------------------------------+-------------+--------------+
| Code        | Name                                                                                                                                                                                                                                                            | Price       | Manufacturer |
+-------------+-----------------------------------------------------------------------------------------------------------------------------------------------------------------------------------------------------------------------------------------------------------------+-------------+--------------+
|          12 | 1 Tb Hard drive                                                                                                                                                                                                                                                 |         764 |            7 |
|          13 | 2 Tb Hard drive                                                                                                                                                                                                                                                 |         964 |            7 |
|          14 | 4 Tb Hard drive                                                                                                                                                                                                                                                 |        1234 |            7 |
+-------------+-----------------------------------------------------------------------------------------------------------------------------------------------------------------------------------------------------------------------------------------------------------------+-------------+--------------+
3 rows in set (0.00 sec)

MariaDB [nikdb]> insert into products
    ->
    -> ;
ERROR 1064 (42000): You have an error in your SQL syntax; check the manual that corresponds to your MariaDB server version for the right syntax to use near '' at line 1
MariaDB [nikdb]> delete from manufracturers where code=7;
ERROR 1146 (42S02): Table 'nikdb.manufracturers' doesn't exist
MariaDB [nikdb]> delete from products where code=7;
Query OK, 0 rows affected (0.00 sec)

MariaDB [nikdb]> select * from products;
+-------------+-----------------------------------------------------------------------------------------------------------------------------------------------------------------------------------------------------------------------------------------------------------------+-------------+--------------+
| Code        | Name                                                                                                                                                                                                                                                            | Price       | Manufacturer |
+-------------+-----------------------------------------------------------------------------------------------------------------------------------------------------------------------------------------------------------------------------------------------------------------+-------------+--------------+
|          12 | 1 Tb Hard drive                                                                                                                                                                                                                                                 |         764 |            7 |
|          13 | 2 Tb Hard drive                                                                                                                                                                                                                                                 |         964 |            7 |
|          14 | 4 Tb Hard drive                                                                                                                                                                                                                                                 |        1234 |            7 |
+-------------+-----------------------------------------------------------------------------------------------------------------------------------------------------------------------------------------------------------------------------------------------------------------+-------------+--------------+
3 rows in set (0.00 sec)

MariaDB [nikdb]> insert into Manufacturers values(7,'Lenovo');insert into Products values(12, '1 Tb Hard drive' , 764 , 7);insert into Products values(13, '2 Tb Hard drive' , 964 , 7);insert into Products values(14, '4 Tb Hard drive' , 1234 , 7);
ERROR 1062 (23000): Duplicate entry '7' for key 'PRIMARY'
ERROR 1062 (23000): Duplicate entry '12' for key 'PRIMARY'
ERROR 1062 (23000): Duplicate entry '13' for key 'PRIMARY'
ERROR 1062 (23000): Duplicate entry '14' for key 'PRIMARY'
MariaDB [nikdb]> delete from products where code=7;
Query OK, 0 rows affected (0.00 sec)

MariaDB [nikdb]>